#
# There is insufficient memory for the Java Runtime Environment to continue.
# Native memory allocation (malloc) failed to allocate 1178968 bytes. Error detail: Chunk::new
# Possible reasons:
#   The system is out of physical RAM or swap space
#   This process is running with CompressedOops enabled, and the Java Heap may be blocking the growth of the native heap
# Possible solutions:
#   Reduce memory load on the system
#   Increase physical memory or swap space
#   Check if swap backing store is full
#   Decrease Java heap size (-Xmx/-Xms)
#   Decrease number of Java threads
#   Decrease Java thread stack sizes (-Xss)
#   Set larger code cache with -XX:ReservedCodeCacheSize=
#   JVM is running with Unscaled Compressed Oops mode in which the Java heap is
#     placed in the first 4GB address space. The Java Heap base address is the
#     maximum limit for the native heap growth. Please use -XX:HeapBaseMinAddress
#     to set the Java Heap base and to place the Java Heap above 4GB virtual address.
# This output file may be truncated or incomplete.
#
#  Out of Memory Error (arena.cpp:186), pid=1016, tid=4820
#
# JRE version: Java(TM) SE Runtime Environment (25.0+37) (build 25+37-LTS-3491)
# Java VM: Java HotSpot(TM) 64-Bit Server VM (25+37-LTS-3491, mixed mode, sharing, tiered, compressed oops, compressed class ptrs, g1 gc, windows-amd64)
# No core dump will be written. Minidumps are not enabled by default on client versions of Windows
#

---------------  S U M M A R Y ------------

Command Line: -Xmx64m -Xms64m -Dorg.gradle.appname=gradlew org.gradle.wrapper.GradleWrapperMain assembleRelease

Host: AMD Ryzen 5 PRO 4650U with Radeon Graphics, 12 cores, 5G,  Windows 11 , 64 bit Build 26100 (10.0.26100.8328)
Time: Mon Aug 31 02:40:58 2026 Egypt Daylight Time elapsed time: 94.974953 seconds (0d 0h 1m 34s)

---------------  T H R E A D  ---------------

Current thread (0x00000204c45a3a50):  JavaThread "C2 CompilerThread0" daemon [_thread_in_native, id=4820, stack(0x0000009fb7e00000,0x0000009fb7f00000) (1024K)]


Current CompileTask:
C2:94976 2332       4       org.gradle.internal.logging.console.DefaultRedrawableLabel::redraw (163 bytes)

Stack: [0x0000009fb7e00000,0x0000009fb7f00000]
Native frames: (J=compiled Java code, j=interpreted, Vv=VM code, C=native code)
V  [jvm.dll+0x7a6a39]  (no source info available)
V  [jvm.dll+0x7727ed]  (no source info available)
V  [jvm.dll+0x965f33]  (no source info available)
V  [jvm.dll+0x968531]  (no source info available)
V  [jvm.dll+0x968c33]  (no source info available)
V  [jvm.dll+0x2fc756]  (no source info available)
V  [jvm.dll+0x111b26]  (no source info available)
V  [jvm.dll+0x111e4e]  (no source info available)
V  [jvm.dll+0x1a0a22]  (no source info available)
V  [jvm.dll+0x3b53c2]  (no source info available)
V  [jvm.dll+0x7ac3cf]  (no source info available)
V  [jvm.dll+0x2c0ac7]  (no source info available)
V  [jvm.dll+0x2bfa8f]  (no source info available)
V  [jvm.dll+0x237b60]  (no source info available)
V  [jvm.dll+0x2cfb56]  (no source info available)
V  [jvm.dll+0x2cddd5]  (no source info available)
V  [jvm.dll+0x48e671]  (no source info available)
V  [jvm.dll+0x90681d]  (no source info available)
V  [jvm.dll+0x7a5015]  (no source info available)
C  [ucrtbase.dll+0x37b0]  (no source info available)
C  [KERNEL32.DLL+0x2e957]  (no source info available)
C  [ntdll.dll+0x427c]  (no source info available)

Lock stack of current Java thread (top to bottom):


---------------  P R O C E S S  ---------------

Threads class SMR info:
_java_thread_list=0x00000204c9f7c720, length=12, elements={
0x00000204a9ad5640, 0x00000204a9b8d9a0, 0x00000204a9b8e400, 0x00000204c45a0080,
0x00000204c45a0c40, 0x00000204c45a1800, 0x00000204c45a23c0, 0x00000204c45a3a50,
0x00000204c45aa680, 0x00000204c466b3d0, 0x00000204c4679be0, 0x00000204c9ef5860
}

Java Threads: ( => current thread )
  0x00000204a9ad5640 JavaThread "main"                              [_thread_in_Java, id=3488, stack(0x0000009fb7000000,0x0000009fb7100000) (1024K)]
  0x00000204a9b8d9a0 JavaThread "Reference Handler"          daemon [_thread_blocked, id=10768, stack(0x0000009fb7800000,0x0000009fb7900000) (1024K)]
  0x00000204a9b8e400 JavaThread "Finalizer"                  daemon [_thread_blocked, id=7872, stack(0x0000009fb7900000,0x0000009fb7a00000) (1024K)]
  0x00000204c45a0080 JavaThread "Signal Dispatcher"          daemon [_thread_blocked, id=5880, stack(0x0000009fb7a00000,0x0000009fb7b00000) (1024K)]
  0x00000204c45a0c40 JavaThread "Attach Listener"            daemon [_thread_blocked, id=9852, stack(0x0000009fb7b00000,0x0000009fb7c00000) (1024K)]
  0x00000204c45a1800 JavaThread "Service Thread"             daemon [_thread_blocked, id=12560, stack(0x0000009fb7c00000,0x0000009fb7d00000) (1024K)]
  0x00000204c45a23c0 JavaThread "Monitor Deflation Thread"   daemon [_thread_blocked, id=5108, stack(0x0000009fb7d00000,0x0000009fb7e00000) (1024K)]
=>0x00000204c45a3a50 JavaThread "C2 CompilerThread0"         daemon [_thread_in_native, id=4820, stack(0x0000009fb7e00000,0x0000009fb7f00000) (1024K)]
  0x00000204c45aa680 JavaThread "C1 CompilerThread0"         daemon [_thread_blocked, id=2740, stack(0x0000009fb7f00000,0x0000009fb8000000) (1024K)]
  0x00000204c466b3d0 JavaThread "Notification Thread"        daemon [_thread_blocked, id=4924, stack(0x0000009fb8000000,0x0000009fb8100000) (1024K)]
  0x00000204c4679be0 JavaThread "Common-Cleaner"             daemon [_thread_blocked, id=14020, stack(0x0000009fb8100000,0x0000009fb8200000) (1024K)]
  0x00000204c9ef5860 JavaThread "pool-1-thread-1"                   [_thread_blocked, id=7324, stack(0x0000009fb8500000,0x0000009fb8600000) (1024K)]
Total: 12

Other Threads:
  0x00000204a9b79410 VMThread "VM Thread"                           [id=12488, stack(0x0000009fb7700000,0x0000009fb7800000) (1024K)]
  0x00000204c459b530 WatcherThread "VM Periodic Task Thread"        [id=12124, stack(0x0000009fb7600000,0x0000009fb7700000) (1024K)]
  0x00000204a9aef480 WorkerThread "GC Thread#0"                     [id=9388, stack(0x0000009fb7100000,0x0000009fb7200000) (1024K)]
  0x00000204c986cf20 WorkerThread "GC Thread#1"                     [id=3164, stack(0x0000009fb8400000,0x0000009fb8500000) (1024K)]
  0x00000204ca3c19b0 WorkerThread "GC Thread#2"                     [id=2552, stack(0x0000009fb8200000,0x0000009fb8300000) (1024K)]
  0x00000204ca3c1de0 WorkerThread "GC Thread#3"                     [id=1988, stack(0x0000009fb8300000,0x0000009fb8400000) (1024K)]
  0x00000204ca3c60a0 WorkerThread "GC Thread#4"                     [id=3304, stack(0x0000009fb8600000,0x0000009fb8700000) (1024K)]
  0x00000204ca3c64d0 WorkerThread "GC Thread#5"                     [id=3116, stack(0x0000009fb8700000,0x0000009fb8800000) (1024K)]
  0x00000204a9af1150 ConcurrentGCThread "G1 Main Marker"            [id=4032, stack(0x0000009fb7200000,0x0000009fb7300000) (1024K)]
  0x00000204a9af3bf0 WorkerThread "G1 Conc#0"                       [id=12632, stack(0x0000009fb7300000,0x0000009fb7400000) (1024K)]
  0x00000204a9b458d0 ConcurrentGCThread "G1 Refine#0"               [id=11636, stack(0x0000009fb7400000,0x0000009fb7500000) (1024K)]
  0x00000204a9b468f0 ConcurrentGCThread "G1 Service"                [id=8460, stack(0x0000009fb7500000,0x0000009fb7600000) (1024K)]
Total: 12

Threads with active compile tasks:
C2 CompilerThread0  97756 2332       4       org.gradle.internal.logging.console.DefaultRedrawableLabel::redraw (163 bytes)
Total: 1

VM state: not at safepoint (normal execution)

VM Mutex/Monitor currently owned by a thread: None

Heap address: 0x00000000fc000000, size: 64 MB, Compressed Oops mode: 32-bit

CDS archive(s) mapped at: [0x0000000085000000-0x0000000085dd0000-0x0000000085dd0000), size 14483456, SharedBaseAddress: 0x0000000085000000, ArchiveRelocationMode: 1.
Compressed class space mapped at: 0x0000000086000000-0x00000000c6000000, reserved size: 1073741824
UseCompressedClassPointers 1, UseCompactObjectHeaders 0
Narrow klass pointer bits 32, Max shift 3
Narrow klass base: 0x0000000085000000, Narrow klass shift: 0
Encoding Range: [0x0000000085000000 - 0x0000000185000000), (4294967296 bytes)
Klass Range:    [0x0000000085010000 - 0x00000000c6000000), (1090453504 bytes)
Klass ID Range:  [65536 - 1090519033) (1090453497)
Protection zone: [0x0000000085000000 - 0x0000000085010000), (65536 bytes)

GC Precious Log:
 CardTable entry size: 512
 Card Set container configuration: InlinePtr #cards 5 size 8 Array Of Cards #cards 10 size 36 Howl #buckets 4 coarsen threshold 1843 Howl Bitmap #cards 512 size 80 coarsen threshold 460 Card regions per heap region 1 cards per card region 2048
 CPUs: 12 total, 12 available
 Memory: 5863M
 Large Page Support: Disabled
 NUMA Support: Disabled
 Compressed Oops: Enabled (32-bit)
 Heap Region Size: 1M
 Heap Min Capacity: 64M
 Heap Initial Capacity: 64M
 Heap Max Capacity: 64M
 Pre-touch: Disabled
 Parallel Workers: 10
 Concurrent Workers: 3
 Concurrent Refinement Workers: 10
 Periodic GC: Disabled

Heap:
 garbage-first heap   total reserved 65536K, committed 65536K, used 17413K [0x00000000fc000000, 0x0000000100000000)
  region size 1024K, 7 young (7168K), 2 survivors (2048K)

Heap Regions: E=young(eden), S=young(survivor), O=old, HS=humongous(starts), HC=humongous(continues), CS=collection set, F=free, TAMS=top-at-mark-start, PB=parsable bottom
|   0|0x00000000fc000000, 0x00000000fc100000, 0x00000000fc100000|100%|HS|  |TAMS 0x00000000fc000000| PB 0x00000000fc000000| Complete |  0
|   1|0x00000000fc100000, 0x00000000fc200000, 0x00000000fc200000|100%|HC|  |TAMS 0x00000000fc100000| PB 0x00000000fc100000| Complete |  0
|   2|0x00000000fc200000, 0x00000000fc300000, 0x00000000fc300000|100%|HC|  |TAMS 0x00000000fc200000| PB 0x00000000fc200000| Complete |  0
|   3|0x00000000fc300000, 0x00000000fc400000, 0x00000000fc400000|100%|HC|  |TAMS 0x00000000fc300000| PB 0x00000000fc300000| Complete |  0
|   4|0x00000000fc400000, 0x00000000fc500000, 0x00000000fc500000|100%| O|  |TAMS 0x00000000fc400000| PB 0x00000000fc400000| Untracked |  0
|   5|0x00000000fc500000, 0x00000000fc600000, 0x00000000fc600000|100%| O|  |TAMS 0x00000000fc500000| PB 0x00000000fc500000| Untracked |  0
|   6|0x00000000fc600000, 0x00000000fc700000, 0x00000000fc700000|100%| O|  |TAMS 0x00000000fc600000| PB 0x00000000fc600000| Untracked |  0
|   7|0x00000000fc700000, 0x00000000fc800000, 0x00000000fc800000|100%| O|  |TAMS 0x00000000fc700000| PB 0x00000000fc700000| Untracked |  0
|   8|0x00000000fc800000, 0x00000000fc900000, 0x00000000fc900000|100%| O|  |TAMS 0x00000000fc800000| PB 0x00000000fc800000| Untracked |  0
|   9|0x00000000fc900000, 0x00000000fc9f2570, 0x00000000fca00000| 94%| O|  |TAMS 0x00000000fc900000| PB 0x00000000fc900000| Untracked |  0
|  10|0x00000000fca00000, 0x00000000fca00000, 0x00000000fcb00000|  0%| F|  |TAMS 0x00000000fca00000| PB 0x00000000fca00000| Untracked |  0
|  11|0x00000000fcb00000, 0x00000000fcb00000, 0x00000000fcc00000|  0%| F|  |TAMS 0x00000000fcb00000| PB 0x00000000fcb00000| Untracked |  0
|  12|0x00000000fcc00000, 0x00000000fcc00000, 0x00000000fcd00000|  0%| F|  |TAMS 0x00000000fcc00000| PB 0x00000000fcc00000| Untracked |  0
|  13|0x00000000fcd00000, 0x00000000fcd00000, 0x00000000fce00000|  0%| F|  |TAMS 0x00000000fcd00000| PB 0x00000000fcd00000| Untracked |  0
|  14|0x00000000fce00000, 0x00000000fce00000, 0x00000000fcf00000|  0%| F|  |TAMS 0x00000000fce00000| PB 0x00000000fce00000| Untracked |  0
|  15|0x00000000fcf00000, 0x00000000fcf00000, 0x00000000fd000000|  0%| F|  |TAMS 0x00000000fcf00000| PB 0x00000000fcf00000| Untracked |  0
|  16|0x00000000fd000000, 0x00000000fd000000, 0x00000000fd100000|  0%| F|  |TAMS 0x00000000fd000000| PB 0x00000000fd000000| Untracked |  0
|  17|0x00000000fd100000, 0x00000000fd100000, 0x00000000fd200000|  0%| F|  |TAMS 0x00000000fd100000| PB 0x00000000fd100000| Untracked |  0
|  18|0x00000000fd200000, 0x00000000fd200000, 0x00000000fd300000|  0%| F|  |TAMS 0x00000000fd200000| PB 0x00000000fd200000| Untracked |  0
|  19|0x00000000fd300000, 0x00000000fd300000, 0x00000000fd400000|  0%| F|  |TAMS 0x00000000fd300000| PB 0x00000000fd300000| Untracked |  0
|  20|0x00000000fd400000, 0x00000000fd400000, 0x00000000fd500000|  0%| F|  |TAMS 0x00000000fd400000| PB 0x00000000fd400000| Untracked |  0
|  21|0x00000000fd500000, 0x00000000fd500000, 0x00000000fd600000|  0%| F|  |TAMS 0x00000000fd500000| PB 0x00000000fd500000| Untracked |  0
|  22|0x00000000fd600000, 0x00000000fd600000, 0x00000000fd700000|  0%| F|  |TAMS 0x00000000fd600000| PB 0x00000000fd600000| Untracked |  0
|  23|0x00000000fd700000, 0x00000000fd700000, 0x00000000fd800000|  0%| F|  |TAMS 0x00000000fd700000| PB 0x00000000fd700000| Untracked |  0
|  24|0x00000000fd800000, 0x00000000fd800000, 0x00000000fd900000|  0%| F|  |TAMS 0x00000000fd800000| PB 0x00000000fd800000| Untracked |  0
|  25|0x00000000fd900000, 0x00000000fd900000, 0x00000000fda00000|  0%| F|  |TAMS 0x00000000fd900000| PB 0x00000000fd900000| Untracked |  0
|  26|0x00000000fda00000, 0x00000000fda00000, 0x00000000fdb00000|  0%| F|  |TAMS 0x00000000fda00000| PB 0x00000000fda00000| Untracked |  0
|  27|0x00000000fdb00000, 0x00000000fdb00000, 0x00000000fdc00000|  0%| F|  |TAMS 0x00000000fdb00000| PB 0x00000000fdb00000| Untracked |  0
|  28|0x00000000fdc00000, 0x00000000fdc00000, 0x00000000fdd00000|  0%| F|  |TAMS 0x00000000fdc00000| PB 0x00000000fdc00000| Untracked |  0
|  29|0x00000000fdd00000, 0x00000000fdd00000, 0x00000000fde00000|  0%| F|  |TAMS 0x00000000fdd00000| PB 0x00000000fdd00000| Untracked |  0
|  30|0x00000000fde00000, 0x00000000fde00000, 0x00000000fdf00000|  0%| F|  |TAMS 0x00000000fde00000| PB 0x00000000fde00000| Untracked |  0
|  31|0x00000000fdf00000, 0x00000000fdf00000, 0x00000000fe000000|  0%| F|  |TAMS 0x00000000fdf00000| PB 0x00000000fdf00000| Untracked |  0
|  32|0x00000000fe000000, 0x00000000fe000000, 0x00000000fe100000|  0%| F|  |TAMS 0x00000000fe000000| PB 0x00000000fe000000| Untracked |  0
|  33|0x00000000fe100000, 0x00000000fe100000, 0x00000000fe200000|  0%| F|  |TAMS 0x00000000fe100000| PB 0x00000000fe100000| Untracked |  0
|  34|0x00000000fe200000, 0x00000000fe200000, 0x00000000fe300000|  0%| F|  |TAMS 0x00000000fe200000| PB 0x00000000fe200000| Untracked |  0
|  35|0x00000000fe300000, 0x00000000fe300000, 0x00000000fe400000|  0%| F|  |TAMS 0x00000000fe300000| PB 0x00000000fe300000| Untracked |  0
|  36|0x00000000fe400000, 0x00000000fe400000, 0x00000000fe500000|  0%| F|  |TAMS 0x00000000fe400000| PB 0x00000000fe400000| Untracked |  0
|  37|0x00000000fe500000, 0x00000000fe500000, 0x00000000fe600000|  0%| F|  |TAMS 0x00000000fe500000| PB 0x00000000fe500000| Untracked |  0
|  38|0x00000000fe600000, 0x00000000fe6e9a60, 0x00000000fe700000| 91%| S|CS|TAMS 0x00000000fe600000| PB 0x00000000fe600000| Complete |  0
|  39|0x00000000fe700000, 0x00000000fe800000, 0x00000000fe800000|100%| S|CS|TAMS 0x00000000fe700000| PB 0x00000000fe700000| Complete |  0
|  40|0x00000000fe800000, 0x00000000fe800000, 0x00000000fe900000|  0%| F|  |TAMS 0x00000000fe800000| PB 0x00000000fe800000| Untracked |  0
|  41|0x00000000fe900000, 0x00000000fe900000, 0x00000000fea00000|  0%| F|  |TAMS 0x00000000fe900000| PB 0x00000000fe900000| Untracked |  0
|  42|0x00000000fea00000, 0x00000000fea00000, 0x00000000feb00000|  0%| F|  |TAMS 0x00000000fea00000| PB 0x00000000fea00000| Untracked |  0
|  43|0x00000000feb00000, 0x00000000feb00000, 0x00000000fec00000|  0%| F|  |TAMS 0x00000000feb00000| PB 0x00000000feb00000| Untracked |  0
|  44|0x00000000fec00000, 0x00000000fec00000, 0x00000000fed00000|  0%| F|  |TAMS 0x00000000fec00000| PB 0x00000000fec00000| Untracked |  0
|  45|0x00000000fed00000, 0x00000000fed00000, 0x00000000fee00000|  0%| F|  |TAMS 0x00000000fed00000| PB 0x00000000fed00000| Untracked |  0
|  46|0x00000000fee00000, 0x00000000fee00000, 0x00000000fef00000|  0%| F|  |TAMS 0x00000000fee00000| PB 0x00000000fee00000| Untracked |  0
|  47|0x00000000fef00000, 0x00000000fef00000, 0x00000000ff000000|  0%| F|  |TAMS 0x00000000fef00000| PB 0x00000000fef00000| Untracked |  0
|  48|0x00000000ff000000, 0x00000000ff000000, 0x00000000ff100000|  0%| F|  |TAMS 0x00000000ff000000| PB 0x00000000ff000000| Untracked |  0
|  49|0x00000000ff100000, 0x00000000ff100000, 0x00000000ff200000|  0%| F|  |TAMS 0x00000000ff100000| PB 0x00000000ff100000| Untracked |  0
|  50|0x00000000ff200000, 0x00000000ff200000, 0x00000000ff300000|  0%| F|  |TAMS 0x00000000ff200000| PB 0x00000000ff200000| Untracked |  0
|  51|0x00000000ff300000, 0x00000000ff300000, 0x00000000ff400000|  0%| F|  |TAMS 0x00000000ff300000| PB 0x00000000ff300000| Untracked |  0
|  52|0x00000000ff400000, 0x00000000ff400000, 0x00000000ff500000|  0%| F|  |TAMS 0x00000000ff400000| PB 0x00000000ff400000| Untracked |  0
|  53|0x00000000ff500000, 0x00000000ff500000, 0x00000000ff600000|  0%| F|  |TAMS 0x00000000ff500000| PB 0x00000000ff500000| Untracked |  0
|  54|0x00000000ff600000, 0x00000000ff600000, 0x00000000ff700000|  0%| F|  |TAMS 0x00000000ff600000| PB 0x00000000ff600000| Untracked |  0
|  55|0x00000000ff700000, 0x00000000ff700000, 0x00000000ff800000|  0%| F|  |TAMS 0x00000000ff700000| PB 0x00000000ff700000| Untracked |  0
|  56|0x00000000ff800000, 0x00000000ff800000, 0x00000000ff900000|  0%| F|  |TAMS 0x00000000ff800000| PB 0x00000000ff800000| Untracked |  0
|  57|0x00000000ff900000, 0x00000000ff9a1950, 0x00000000ffa00000| 63%| E|  |TAMS 0x00000000ff900000| PB 0x00000000ff900000| Complete |  0
|  58|0x00000000ffa00000, 0x00000000ffb00000, 0x00000000ffb00000|100%| E|CS|TAMS 0x00000000ffa00000| PB 0x00000000ffa00000| Complete |  0
|  59|0x00000000ffb00000, 0x00000000ffc00000, 0x00000000ffc00000|100%| E|CS|TAMS 0x00000000ffb00000| PB 0x00000000ffb00000| Complete |  0
|  60|0x00000000ffc00000, 0x00000000ffd00000, 0x00000000ffd00000|100%| E|CS|TAMS 0x00000000ffc00000| PB 0x00000000ffc00000| Complete |  0
|  61|0x00000000ffd00000, 0x00000000ffe00000, 0x00000000ffe00000|100%| E|CS|TAMS 0x00000000ffd00000| PB 0x00000000ffd00000| Complete |  0
|  62|0x00000000ffe00000, 0x00000000fff00000, 0x00000000fff00000|100%| O|  |TAMS 0x00000000ffe00000| PB 0x00000000ffe00000| Untracked |  0
|  63|0x00000000fff00000, 0x00000000fff25608, 0x0000000100000000| 14%| O|  |TAMS 0x00000000fff00000| PB 0x00000000fff00000| Untracked |  0

Card table byte_map: [0x00000204a7940000,0x00000204a7960000] _byte_map_base: 0x00000204a7160000

Marking Bits: (CMBitMap*) 0x00000204a9aefc10
 Bits: [0x00000204c18c0000, 0x00000204c19c0000)

Polling page: 0x00000204a78f0000

Metaspace:
Metaspace        used 10281K, committed 10624K, reserved 1114112K
 class space     used 1035K, committed 1216K, reserved 1048576K

Usage:
  Non-class:      9.03 MB used.
      Class:      1.01 MB used.
       Both:     10.04 MB used.

Virtual space:
  Non-class space:       64.00 MB reserved,       9.19 MB ( 14%) committed,  1 nodes.
      Class space:        1.00 GB reserved,       1.19 MB ( <1%) committed,  1 nodes.
             Both:        1.06 GB reserved,      10.38 MB ( <1%) committed. 

Chunk freelists:
   Non-Class:  5.91 MB
       Class:  14.66 MB
        Both:  20.57 MB

MaxMetaspaceSize: unlimited
CompressedClassSpaceSize: 1.00 GB
Initial GC threshold: 21.00 MB
Current GC threshold: 21.00 MB
CDS: on
 - commit_granule_bytes: 65536.
 - commit_granule_words: 8192.
 - virtual_space_node_default_size: 8388608.
 - enlarge_chunks_in_place: 1.
UseCompressedClassPointers 1, UseCompactObjectHeaders 0
Narrow klass pointer bits 32, Max shift 3
Narrow klass base: 0x0000000085000000, Narrow klass shift: 0
Encoding Range: [0x0000000085000000 - 0x0000000185000000), (4294967296 bytes)
Klass Range:    [0x0000000085010000 - 0x00000000c6000000), (1090453504 bytes)
Klass ID Range:  [65536 - 1090519033) (1090453497)
Protection zone: [0x0000000085000000 - 0x0000000085010000), (65536 bytes)


Internal statistics:

num_allocs_failed_limit: 0.
num_arena_births: 242.
num_arena_deaths: 0.
num_vsnodes_births: 2.
num_vsnodes_deaths: 0.
num_space_committed: 166.
num_space_uncommitted: 0.
num_chunks_returned_to_freelist: 0.
num_chunks_taken_from_freelist: 507.
num_chunk_merges: 0.
num_chunk_splits: 351.
num_chunks_enlarged: 271.
num_inconsistent_stats: 0.

CodeHeap 'non-profiled nmethods': size=120064Kb used=685Kb max_used=685Kb free=119379Kb
 bounds [0x00000204b9e10000, 0x00000204ba080000, 0x00000204c1350000]
CodeHeap 'profiled nmethods': size=120000Kb used=3513Kb max_used=3513Kb free=116486Kb
 bounds [0x00000204b2350000, 0x00000204b26c0000, 0x00000204b9880000]
CodeHeap 'non-nmethods': size=5696Kb used=1390Kb max_used=1418Kb free=4305Kb
 bounds [0x00000204b9880000, 0x00000204b9af0000, 0x00000204b9e10000]
CodeCache: size=245760Kb, used=5588Kb, max_used=5616Kb, free=240170Kb
 total_blobs=2851, nmethods=2339, adapters=414, full_count=0
Compilation: enabled, stopped_count=0, restarted_count=0

Compilation events (20 events):
Event: 87.417 Thread 0x00000204c45aa680 nmethod 2322 0x00000204b26b7b08 code [0x00000204b26b7c00, 0x00000204b26b7fd0]
Event: 87.417 Thread 0x00000204c45aa680 2323       3       org.gradle.internal.logging.text.AbstractLineChoppingStyledTextOutput$StateContext::flushStartLine (8 bytes)
Event: 87.417 Thread 0x00000204c45aa680 nmethod 2323 0x00000204b26b8008 code [0x00000204b26b8100, 0x00000204b26b82e8]
Event: 87.417 Thread 0x00000204c45aa680 2324       3       org.gradle.internal.logging.text.AbstractLineChoppingStyledTextOutput::doStartLine (1 bytes)
Event: 87.417 Thread 0x00000204c45aa680 nmethod 2324 0x00000204b26b8308 code [0x00000204b26b8400, 0x00000204b26b8508]
Event: 87.417 Thread 0x00000204c45aa680 2325       3       org.gradle.internal.logging.console.DefaultAnsiExecutor::writeAt (42 bytes)
Event: 87.423 Thread 0x00000204c45aa680 nmethod 2325 0x00000204b26b8608 code [0x00000204b26b8700, 0x00000204b26b9e80]
Event: 87.423 Thread 0x00000204c45aa680 2327       3       org.gradle.internal.logging.text.AbstractLineChoppingStyledTextOutput$SeenFromEol::add (18 bytes)
Event: 87.423 Thread 0x00000204c45aa680 nmethod 2327 0x00000204b26b9f08 code [0x00000204b26ba000, 0x00000204b26ba140]
Event: 87.423 Thread 0x00000204c45aa680 2326       1       org.gradle.internal.logging.text.AbstractStyledTextOutput::getStyle (5 bytes)
Event: 87.423 Thread 0x00000204c45aa680 nmethod 2326 0x00000204b9eba508 code [0x00000204b9eba600, 0x00000204b9eba6c8]
Event: 87.442 Thread 0x00000204c45aa680 2328       3       org.gradle.internal.logging.console.DefaultTextArea$2$1::execute (145 bytes)
Event: 87.443 Thread 0x00000204c45aa680 nmethod 2328 0x00000204b26ba208 code [0x00000204b26ba300, 0x00000204b26bb118]
Event: 87.730 Thread 0x00000204c45a3a50 2329       4       org.gradle.util.internal.GUtil::isTrue (56 bytes)
Event: 87.731 Thread 0x00000204c45a3a50 nmethod 2329 0x00000204b9eba808 code [0x00000204b9eba900, 0x00000204b9eba9b8]
Event: 89.620 Thread 0x00000204c45aa680 2330       3       com.google.common.base.Preconditions::checkPositionIndex (8 bytes)
Event: 89.621 Thread 0x00000204c45aa680 nmethod 2330 0x00000204b26bb188 code [0x00000204b26bb280, 0x00000204b26bb3a0]
Event: 89.621 Thread 0x00000204c45aa680 2331       3       com.google.common.base.Preconditions::checkPositionIndex (25 bytes)
Event: 89.621 Thread 0x00000204c45aa680 nmethod 2331 0x00000204b26bb488 code [0x00000204b26bb580, 0x00000204b26bb7c0]
Event: 93.921 Thread 0x00000204c45a3a50 2332       4       org.gradle.internal.logging.console.DefaultRedrawableLabel::redraw (163 bytes)

GC Heap Usage History (4 events):
Event: 0.673 {heap Before GC invocations=0 (full 0):
 garbage-first heap   total reserved 65536K, committed 65536K, used 40085K [0x00000000fc000000, 0x0000000100000000)
  region size 1024K, 34 young (34816K), 0 survivors (0K)
}
Event: 0.680 {heap After GC invocations=1 (full 0):
 garbage-first heap   total reserved 65536K, committed 65536K, used 11352K [0x00000000fc000000, 0x0000000100000000)
  region size 1024K, 5 young (5120K), 5 survivors (5120K)
}
Event: 1.632 {heap Before GC invocations=1 (full 0):
 garbage-first heap   total reserved 65536K, committed 65536K, used 33880K [0x00000000fc000000, 0x0000000100000000)
  region size 1024K, 27 young (27648K), 5 survivors (5120K)
}
Event: 1.637 {heap After GC invocations=2 (full 0):
 garbage-first heap   total reserved 65536K, committed 65536K, used 13317K [0x00000000fc000000, 0x0000000100000000)
  region size 1024K, 2 young (2048K), 2 survivors (2048K)
}

Metaspace Usage History (4 events):
Event: 0.673 {metaspace Before GC invocations=0 (full 0):
 Metaspace       used 2596K, committed 2752K, reserved 1114112K
  class space    used 190K, committed 256K, reserved 1048576K
}
Event: 0.680 {metaspace After GC invocations=1 (full 0):
 Metaspace       used 2596K, committed 2752K, reserved 1114112K
  class space    used 190K, committed 256K, reserved 1048576K
}
Event: 1.632 {metaspace Before GC invocations=1 (full 0):
 Metaspace       used 8978K, committed 9344K, reserved 1114112K
  class space    used 914K, committed 1088K, reserved 1048576K
}
Event: 1.637 {metaspace After GC invocations=2 (full 0):
 Metaspace       used 8978K, committed 9344K, reserved 1114112K
  class space    used 914K, committed 1088K, reserved 1048576K
}

Dll operation events (12 events):
Event: 0.010 Loaded shared library C:\Program Files\Java\jdk-25\bin\java.dll
Event: 0.041 Loaded shared library C:\Program Files\Java\jdk-25\bin\net.dll
Event: 0.044 Loaded shared library C:\Program Files\Java\jdk-25\bin\nio.dll
Event: 0.049 Loaded shared library C:\Program Files\Java\jdk-25\bin\zip.dll
Event: 0.435 Loaded shared library C:\Program Files\Java\jdk-25\bin\jimage.dll
Event: 0.790 Loaded shared library C:\Program Files\Java\jdk-25\bin\management.dll
Event: 0.794 Loaded shared library C:\Program Files\Java\jdk-25\bin\management_ext.dll
Event: 0.841 Loaded shared library C:\Users\YOUSSEF ADEL\.gradle\native\660c5614fbf4a5f2a75b1949f50a0caf5cd603558e7d8a26e50b933a0cfb79d1\windows-amd64\native-platform.dll
Event: 0.885 Loaded shared library C:\Users\YOUSSEF ADEL\.gradle\native\jansi\2.4.2\Windows\x86_64\jansi.dll
Event: 1.064 Loaded shared library C:\Program Files\Java\jdk-25\bin\extnet.dll
Event: 2.104 Loaded shared library C:\Program Files\Java\jdk-25\bin\sunmscapi.dll
Event: 2.238 Loaded shared library C:\Program Files\Java\jdk-25\bin\verify.dll

Deoptimization events (20 events):
Event: 1.743 Thread 0x00000204c9ef5860 DEOPT PACKING pc=0x00000204b9e40670 sp=0x0000009fb85fed10
Event: 1.743 Thread 0x00000204c9ef5860 DEOPT UNPACKING pc=0x00000204b99a1402 sp=0x0000009fb85feca8 mode 2
Event: 1.743 Thread 0x00000204c9ef5860 Uncommon trap: trap_request=0xffffffde fr.pc=0x00000204b9e40670 relative=0x0000000000000070
Event: 1.743 Thread 0x00000204c9ef5860 Uncommon trap: reason=class_check action=maybe_recompile pc=0x00000204b9e40670 method=java.util.AbstractList$Itr.hasNext()Z @ 8 c2
Event: 1.743 Thread 0x00000204c9ef5860 DEOPT PACKING pc=0x00000204b9e40670 sp=0x0000009fb85fed10
Event: 1.743 Thread 0x00000204c9ef5860 DEOPT UNPACKING pc=0x00000204b99a1402 sp=0x0000009fb85feca8 mode 2
Event: 1.743 Thread 0x00000204c9ef5860 Uncommon trap: trap_request=0xffffffde fr.pc=0x00000204b9e40fc0 relative=0x00000000000000c0
Event: 1.743 Thread 0x00000204c9ef5860 Uncommon trap: reason=class_check action=maybe_recompile pc=0x00000204b9e40fc0 method=java.util.AbstractList$Itr.next()Ljava/lang/Object; @ 14 c2
Event: 1.743 Thread 0x00000204c9ef5860 DEOPT PACKING pc=0x00000204b9e40fc0 sp=0x0000009fb85fed00
Event: 1.743 Thread 0x00000204c9ef5860 DEOPT UNPACKING pc=0x00000204b99a1402 sp=0x0000009fb85fec98 mode 2
Event: 1.743 Thread 0x00000204c9ef5860 Uncommon trap: trap_request=0xffffffde fr.pc=0x00000204b9e40fc0 relative=0x00000000000000c0
Event: 1.743 Thread 0x00000204c9ef5860 Uncommon trap: reason=class_check action=maybe_recompile pc=0x00000204b9e40fc0 method=java.util.AbstractList$Itr.next()Ljava/lang/Object; @ 14 c2
Event: 1.743 Thread 0x00000204c9ef5860 DEOPT PACKING pc=0x00000204b9e40fc0 sp=0x0000009fb85fed00
Event: 1.743 Thread 0x00000204c9ef5860 DEOPT UNPACKING pc=0x00000204b99a1402 sp=0x0000009fb85fec98 mode 2
Event: 1.786 Thread 0x00000204a9ad5640 DEOPT PACKING pc=0x00000204b25259e1 sp=0x0000009fb70fc990
Event: 1.786 Thread 0x00000204a9ad5640 DEOPT UNPACKING pc=0x00000204b98d1702 sp=0x0000009fb70fbe70 mode 0
Event: 2.240 Thread 0x00000204a9ad5640 Uncommon trap: trap_request=0xffffff45 fr.pc=0x00000204b9ea638c relative=0x0000000000000c0c
Event: 2.240 Thread 0x00000204a9ad5640 Uncommon trap: reason=unstable_if action=reinterpret pc=0x00000204b9ea638c method=java.util.concurrent.ConcurrentHashMap.transfer([Ljava/util/concurrent/ConcurrentHashMap$Node;[Ljava/util/concurrent/ConcurrentHashMap$Node;)V @ 26 c2
Event: 2.240 Thread 0x00000204a9ad5640 DEOPT PACKING pc=0x00000204b9ea638c sp=0x0000009fb70f9f90
Event: 2.240 Thread 0x00000204a9ad5640 DEOPT UNPACKING pc=0x00000204b99a1402 sp=0x0000009fb70f9ef0 mode 2

Classes loaded (20 events):
Event: 3.490 Loading class jdk/internal/logger/LoggerFinderLoader
Event: 3.491 Loading class jdk/internal/logger/LoggerFinderLoader done
Event: 3.491 Loading class jdk/internal/logger/LoggerFinderLoader$TemporaryLoggerFinder
Event: 3.491 Loading class jdk/internal/logger/LoggerFinderLoader$TemporaryLoggerFinder done
Event: 3.491 Loading class sun/util/logging/internal/LoggingProviderImpl$JULWrapper
Event: 3.492 Loading class sun/util/logging/PlatformLogger$ConfigurableBridge$LoggerConfiguration
Event: 3.492 Loading class sun/util/logging/PlatformLogger$ConfigurableBridge$LoggerConfiguration done
Event: 3.492 Loading class sun/util/logging/internal/LoggingProviderImpl$JULWrapper done
Event: 3.493 Loading class java/io/ObjectInputFilter$Config$BuiltinFilterFactory
Event: 3.493 Loading class java/io/ObjectInputFilter$Config$BuiltinFilterFactory done
Event: 3.493 Loading class jdk/internal/access/JavaObjectInputFilterAccess
Event: 3.493 Loading class jdk/internal/access/JavaObjectInputFilterAccess done
Event: 3.494 Loading class java/lang/System$Logger$Level
Event: 3.494 Loading class java/lang/System$Logger$Level done
Event: 7.537 Loading class java/util/ArrayList$ListItr
Event: 7.537 Loading class java/util/ArrayList$ListItr done
Event: 87.171 Loading class java/lang/invoke/MethodHandle$1
Event: 87.186 Loading class java/lang/invoke/MethodHandle$1 done
Event: 94.675 Loading class sun/net/ConnectionResetException
Event: 94.678 Loading class sun/net/ConnectionResetException done

Classes unloaded (0 events):
No events

Classes redefined (0 events):
No events

Internal exceptions (20 events):
Event: 0.899 Thread 0x00000204a9ad5640 Exception <a 'java/lang/NullPointerException'{0x00000000ff67f8f0}> (0x00000000ff67f8f0) 
thrown [s\open\src\hotspot\share\interpreter\linkResolver.cpp, line 1416]
Event: 0.957 Thread 0x00000204a9ad5640 Exception <a 'java/lang/NoSuchMethodError'{0x00000000ff4f4588}: 'java.lang.Object java.lang.invoke.DirectMethodHandle$Holder.newInvokeSpecial(java.lang.Object, java.lang.Object, java.lang.Object, java.lang.Object, java.lang.Object)'> (0x00000000ff4f4588) 
thrown [s\open\src\hotspot\share\interpreter\linkResolver.cpp, line 804]
Event: 0.963 Thread 0x00000204a9ad5640 Exception <a 'java/lang/NoSuchMethodError'{0x00000000ff342978}: 'java.lang.Object java.lang.invoke.Invokers$Holder.invokeExact_MT(java.lang.Object, java.lang.Object, java.lang.Object, java.lang.Object, java.lang.Object)'> (0x00000000ff342978) 
thrown [s\open\src\hotspot\share\interpreter\linkResolver.cpp, line 804]
Event: 0.964 Thread 0x00000204a9ad5640 Exception <a 'java/lang/NoSuchMethodError'{0x00000000ff34b360}: 'java.lang.Object java.lang.invoke.DirectMethodHandle$Holder.invokeVirtual(java.lang.Object, java.lang.Object, java.lang.Object, java.lang.Object, java.lang.Object, java.lang.Object)'> (0x00000000ff34b360) 
thrown [s\open\src\hotspot\share\interpreter\linkResolver.cpp, line 804]
Event: 0.970 Thread 0x00000204a9ad5640 Exception <a 'java/lang/NoSuchMethodError'{0x00000000ff395018}: 'java.lang.Object java.lang.invoke.DirectMethodHandle$Holder.invokeStatic(java.lang.Object, java.lang.Object, java.lang.Object, java.lang.Object, java.lang.Object, java.lang.Object, java.lang.Object, java.lang.Object, java.lang.Object)'> (0x00000000ff395018) 
thrown [s\open\src\hotspot\share\interpreter\linkResolver.cpp, line 804]
Event: 0.973 Thread 0x00000204a9ad5640 Exception <a 'java/lang/NoSuchMethodError'{0x00000000ff3b6a90}: 'java.lang.Object java.lang.invoke.DirectMethodHandle$Holder.invokeVirtual(java.lang.Object, java.lang.Object, java.lang.Object, java.lang.Object)'> (0x00000000ff3b6a90) 
thrown [s\open\src\hotspot\share\interpreter\linkResolver.cpp, line 804]
Event: 0.976 Thread 0x00000204a9ad5640 Exception <a 'java/lang/NoSuchMethodError'{0x00000000ff3e5e30}: 'java.lang.Object java.lang.invoke.DirectMethodHandle$Holder.invokeVirtual(java.lang.Object, java.lang.Object, java.lang.Object, java.lang.Object, java.lang.Object, java.lang.Object, java.lang.Object)'> (0x00000000ff3e5e30) 
thrown [s\open\src\hotspot\share\interpreter\linkResolver.cpp, line 804]
Event: 0.980 Thread 0x00000204a9ad5640 Exception <a 'java/lang/NoSuchMethodError'{0x00000000ff239fc8}: 'java.lang.Object java.lang.invoke.DirectMethodHandle$Holder.invokeStatic(java.lang.Object, java.lang.Object, java.lang.Object, java.lang.Object, java.lang.Object, java.lang.Object, java.lang.Object, java.lang.Object, java.lang.Object, java.lang.Object)'> (0x00000000ff239fc8) 
thrown [s\open\src\hotspot\share\interpreter\linkResolver.cpp, line 804]
Event: 0.995 Thread 0x00000204a9ad5640 Implicit null exception at 0x00000204b9e7aa46 to 0x00000204b9e7b900
Event: 1.016 Thread 0x00000204a9ad5640 Exception <a 'java/lang/NoSuchMethodError'{0x00000000ff191328}: 'void java.lang.invoke.DirectMethodHandle$Holder.invokeStatic(java.lang.Object, java.lang.Object, java.lang.Object)'> (0x00000000ff191328) 
thrown [s\open\src\hotspot\share\interpreter\linkResolver.cpp, line 804]
Event: 1.083 Thread 0x00000204a9ad5640 Exception <a 'java/lang/NoSuchMethodError'{0x00000000fefe2ce0}: 'java.lang.Object java.lang.invoke.DirectMethodHandle$Holder.invokeVirtual(java.lang.Object, java.lang.Object, java.lang.Object, java.lang.Object, java.lang.Object)'> (0x00000000fefe2ce0) 
thrown [s\open\src\hotspot\share\interpreter\linkResolver.cpp, line 804]
Event: 1.085 Thread 0x00000204a9ad5640 Exception <a 'java/lang/NoSuchMethodError'{0x00000000fee10d88}: 'java.lang.Object java.lang.invoke.Invokers$Holder.invokeExact_MT(java.lang.Object, java.lang.Object, java.lang.Object, java.lang.Object, java.lang.Object, java.lang.Object)'> (0x00000000fee10d88) 
thrown [s\open\src\hotspot\share\interpreter\linkResolver.cpp, line 804]
Event: 1.125 Thread 0x00000204a9ad5640 Exception <a 'java/lang/NoSuchMethodError'{0x00000000fec36558}: 'java.lang.Object java.lang.invoke.DirectMethodHandle$Holder.invokeVirtual(java.lang.Object, java.lang.Object, java.lang.Object, java.lang.Object, java.lang.Object, java.lang.Object, java.lang.Object, java.lang.Object, java.lang.Object)'> (0x00000000fec36558) 
thrown [s\open\src\hotspot\share\interpreter\linkResolver.cpp, line 804]
Event: 1.128 Thread 0x00000204a9ad5640 Exception <a 'java/lang/NoSuchMethodError'{0x00000000fec8dd60}: 'java.lang.Object java.lang.invoke.DirectMethodHandle$Holder.invokeStatic(java.lang.Object, java.lang.Object, java.lang.Object, java.lang.Object, java.lang.Object, java.lang.Object, java.lang.Object, java.lang.Object, java.lang.Object, java.lang.Object, java.lang.Object)'> (0x00000000fec8dd60) 
thrown [s\open\src\hotspot\share\interpreter\linkResolver.cpp, line 804]
Event: 1.130 Thread 0x00000204a9ad5640 Exception <a 'java/lang/NoSuchMethodError'{0x00000000fecc1630}: 'java.lang.Object java.lang.invoke.DirectMethodHandle$Holder.invokeStatic(java.lang.Object, java.lang.Object, java.lang.Object, java.lang.Object, java.lang.Object, java.lang.Object, java.lang.Object, java.lang.Object, java.lang.Object, java.lang.Object, java.lang.Object, java.lang.Object)'> (0x00000000fecc1630) 
thrown [s\open\src\hotspot\share\interpreter\linkResolver.cpp, line 804]
Event: 1.229 Thread 0x00000204a9ad5640 Exception <a 'java/lang/NoSuchMethodError'{0x00000000feac6d28}: 'java.lang.Object java.lang.invoke.DirectMethodHandle$Holder.invokeVirtual(java.lang.Object, java.lang.Object, java.lang.Object, java.lang.Object, java.lang.Object, java.lang.Object, java.lang.Object, java.lang.Object)'> (0x00000000feac6d28) 
thrown [s\open\src\hotspot\share\interpreter\linkResolver.cpp, line 804]
Event: 1.358 Thread 0x00000204a9ad5640 Exception <a 'java/lang/NoSuchMethodError'{0x00000000fe975940}: 'java.lang.Object java.lang.invoke.DirectMethodHandle$Holder.invokeStaticInit(java.lang.Object, int, int, int, int)'> (0x00000000fe975940) 
thrown [s\open\src\hotspot\share\interpreter\linkResolver.cpp, line 804]
Event: 1.484 Thread 0x00000204a9ad5640 Exception <a 'java/lang/NoSuchMethodError'{0x00000000fe9ac3a8}: 'java.lang.Object java.lang.invoke.DirectMethodHandle$Holder.invokeStaticInit(java.lang.Object, java.lang.Object, int, int, int, int)'> (0x00000000fe9ac3a8) 
thrown [s\open\src\hotspot\share\interpreter\linkResolver.cpp, line 804]
Event: 1.578 Thread 0x00000204a9ad5640 Exception <a 'java/lang/NoSuchMethodError'{0x00000000fe881700}: 'void java.lang.invoke.DirectMethodHandle$Holder.invokeInterface(java.lang.Object, java.lang.Object, java.lang.Object)'> (0x00000000fe881700) 
thrown [s\open\src\hotspot\share\interpreter\linkResolver.cpp, line 804]
Event: 94.690 Thread 0x00000204a9ad5640 Exception <a 'sun/net/ConnectionResetException'{0x00000000ffb8f740}: Connection reset> (0x00000000ffb8f740) 
thrown [s\open\src\hotspot\share\prims\jni.cpp, line 534]

VM Operations (20 events):
Event: 0.778 Executing non-safepoint VM operation: HandshakeAllThreads (Deoptimize)
Event: 0.778 Executing non-safepoint VM operation: HandshakeAllThreads (Deoptimize) done
Event: 0.856 Executing non-safepoint VM operation: HandshakeAllThreads (Deoptimize)
Event: 0.856 Executing non-safepoint VM operation: HandshakeAllThreads (Deoptimize) done
Event: 0.882 Executing non-safepoint VM operation: HandshakeAllThreads (Deoptimize)
Event: 0.883 Executing non-safepoint VM operation: HandshakeAllThreads (Deoptimize) done
Event: 1.481 Executing non-safepoint VM operation: HandshakeAllThreads (Deoptimize)
Event: 1.481 Executing non-safepoint VM operation: HandshakeAllThreads (Deoptimize) done
Event: 1.621 Executing safepoint VM operation: G1CollectForAllocation (G1 Evacuation Pause)
Event: 1.637 Executing safepoint VM operation: G1CollectForAllocation (G1 Evacuation Pause) done
Event: 1.734 Executing non-safepoint VM operation: HandshakeAllThreads (Deoptimize)
Event: 1.743 Executing non-safepoint VM operation: HandshakeAllThreads (Deoptimize) done
Event: 1.942 Executing non-safepoint VM operation: HandshakeAllThreads (Deoptimize)
Event: 1.942 Executing non-safepoint VM operation: HandshakeAllThreads (Deoptimize) done
Event: 7.537 Executing non-safepoint VM operation: HandshakeAllThreads (Deoptimize)
Event: 7.537 Executing non-safepoint VM operation: HandshakeAllThreads (Deoptimize) done
Event: 60.193 Executing non-safepoint VM operation: HandshakeAllThreads (HandshakeForDeflation)
Event: 60.196 Executing non-safepoint VM operation: HandshakeAllThreads (HandshakeForDeflation) done
Event: 60.196 Executing non-safepoint VM operation: RendezvousGCThreads
Event: 60.196 Executing non-safepoint VM operation: RendezvousGCThreads done

Memory protections (0 events):
No events

Nmethod flushes (0 events):
No events

Events (18 events):
Event: 0.022 Thread 0x00000204a9ad5640 Thread added: 0x00000204a9ad5640
Event: 0.031 Thread 0x00000204a9ad5640 Thread added: 0x00000204a9b8d9a0
Event: 0.031 Thread 0x00000204a9ad5640 Thread added: 0x00000204a9b8e400
Event: 0.032 Thread 0x00000204a9ad5640 Thread added: 0x00000204c45a0080
Event: 0.032 Thread 0x00000204a9ad5640 Thread added: 0x00000204c45a0c40
Event: 0.032 Thread 0x00000204a9ad5640 Thread added: 0x00000204c45a1800
Event: 0.032 Thread 0x00000204a9ad5640 Thread added: 0x00000204c45a23c0
Event: 0.032 Thread 0x00000204a9ad5640 Thread added: 0x00000204c45a3a50
Event: 0.032 Thread 0x00000204a9ad5640 Thread added: 0x00000204c45aa680
Event: 0.035 Thread 0x00000204a9ad5640 Thread added: 0x00000204c466b3d0
Event: 0.038 Thread 0x00000204a9ad5640 Thread added: 0x00000204c4679be0
Event: 0.429 Thread 0x00000204c45aa680 Thread added: 0x00000204c49584b0
Event: 0.431 Thread 0x00000204c45a3a50 Thread added: 0x00000204c49591f0
Event: 0.881 Thread 0x00000204a9ad5640 Thread added: 0x00000204c9851c60
Event: 0.893 Thread 0x00000204c9851c60 Thread exited: 0x00000204c9851c60
Event: 0.919 Thread 0x00000204a9ad5640 Thread added: 0x00000204c9ef5860
Event: 1.358 Thread 0x00000204c49591f0 Thread exited: 0x00000204c49591f0
Event: 1.424 Thread 0x00000204c49584b0 Thread exited: 0x00000204c49584b0


Dynamic libraries:
0x00007ff7c0600000 - 0x00007ff7c0610000 	C:\Program Files\Java\jdk-25\bin\java.exe
0x00007ffd339a0000 - 0x00007ffd33c07000 	C:\WINDOWS\SYSTEM32\ntdll.dll
0x00007ffd32810000 - 0x00007ffd328d9000 	C:\WINDOWS\System32\KERNEL32.DLL
0x00007ffd303d0000 - 0x00007ffd307c7000 	C:\WINDOWS\System32\KERNELBASE.dll
0x00007ffd30ca0000 - 0x00007ffd30deb000 	C:\WINDOWS\System32\ucrtbase.dll
0x00007ffd26960000 - 0x00007ffd26977000 	C:\Program Files\Java\jdk-25\bin\jli.dll
0x00007ffd31a00000 - 0x00007ffd31bc6000 	C:\WINDOWS\System32\USER32.dll
0x00007ffd30900000 - 0x00007ffd30927000 	C:\WINDOWS\System32\win32u.dll
0x00007ffd26940000 - 0x00007ffd2695e000 	C:\Program Files\Java\jdk-25\bin\VCRUNTIME140.dll
0x00007ffd1d600000 - 0x00007ffd1d892000 	C:\WINDOWS\WinSxS\amd64_microsoft.windows.common-controls_6595b64144ccf1df_6.0.26100.8457_none_3e0b2faee331e92d\COMCTL32.dll
0x00007ffd319d0000 - 0x00007ffd319fb000 	C:\WINDOWS\System32\GDI32.dll
0x00007ffd32d10000 - 0x00007ffd32db9000 	C:\WINDOWS\System32\msvcrt.dll
0x00007ffd307d0000 - 0x00007ffd308fc000 	C:\WINDOWS\System32\gdi32full.dll
0x00007ffd309c0000 - 0x00007ffd30a63000 	C:\WINDOWS\System32\msvcp_win.dll
0x00007ffd31840000 - 0x00007ffd31872000 	C:\WINDOWS\System32\IMM32.DLL
0x00007ffd279a0000 - 0x00007ffd279ac000 	C:\Program Files\Java\jdk-25\bin\vcruntime140_1.dll
0x00007ffd1ddf0000 - 0x00007ffd1de7d000 	C:\Program Files\Java\jdk-25\bin\msvcp140.dll
0x00007ffcaf690000 - 0x00007ffcb04ef000 	C:\Program Files\Java\jdk-25\bin\server\jvm.dll
0x00007ffd33650000 - 0x00007ffd33706000 	C:\WINDOWS\System32\ADVAPI32.dll
0x00007ffd338b0000 - 0x00007ffd33957000 	C:\WINDOWS\System32\sechost.dll
0x00007ffd32aa0000 - 0x00007ffd32bb8000 	C:\WINDOWS\System32\RPCRT4.dll
0x00007ffd31720000 - 0x00007ffd317a0000 	C:\WINDOWS\System32\WS2_32.dll
0x00007ffd28a90000 - 0x00007ffd28a9b000 	C:\WINDOWS\SYSTEM32\VERSION.dll
0x00007ffd28a50000 - 0x00007ffd28a86000 	C:\WINDOWS\SYSTEM32\WINMM.dll
0x00007ffd30230000 - 0x00007ffd3028e000 	C:\WINDOWS\SYSTEM32\POWRPROF.dll
0x00007ffd30210000 - 0x00007ffd30224000 	C:\WINDOWS\SYSTEM32\UMPDC.dll
0x00007ffd2f120000 - 0x00007ffd2f13b000 	C:\WINDOWS\SYSTEM32\kernel.appcore.dll
0x00007ffd27660000 - 0x00007ffd2766a000 	C:\Program Files\Java\jdk-25\bin\jimage.dll
0x00007ffd22e80000 - 0x00007ffd230c2000 	C:\WINDOWS\SYSTEM32\DBGHELP.DLL
0x00007ffd31bd0000 - 0x00007ffd31f53000 	C:\WINDOWS\System32\combase.dll
0x00007ffd31880000 - 0x00007ffd31959000 	C:\WINDOWS\System32\OLEAUT32.dll
0x00007ffd28330000 - 0x00007ffd2836b000 	C:\WINDOWS\SYSTEM32\dbgcore.DLL
0x00007ffd30a70000 - 0x00007ffd30b18000 	C:\WINDOWS\System32\bcryptPrimitives.dll
0x00007ffd26900000 - 0x00007ffd2691f000 	C:\Program Files\Java\jdk-25\bin\java.dll
0x00007ffd33710000 - 0x00007ffd338a7000 	C:\WINDOWS\System32\ole32.dll
0x00007ffd32ec0000 - 0x00007ffd3362e000 	C:\WINDOWS\System32\SHELL32.dll
0x00007ffd30eb0000 - 0x00007ffd3171c000 	C:\WINDOWS\System32\windows.storage.dll
0x00007ffd32dc0000 - 0x00007ffd32eb6000 	C:\WINDOWS\System32\SHCORE.dll
0x00007ffd31960000 - 0x00007ffd319c6000 	C:\WINDOWS\System32\shlwapi.dll
0x00007ffd302f0000 - 0x00007ffd30319000 	C:\WINDOWS\SYSTEM32\profapi.dll
0x00007ffd25f20000 - 0x00007ffd25f32000 	C:\Program Files\Java\jdk-25\bin\net.dll
0x00007ffd2f670000 - 0x00007ffd2f6dc000 	C:\WINDOWS\system32\mswsock.dll
0x00007ffd25d30000 - 0x00007ffd25d46000 	C:\Program Files\Java\jdk-25\bin\nio.dll
0x00007ffd25d10000 - 0x00007ffd25d27000 	C:\Program Files\Java\jdk-25\bin\zip.dll
0x00007ffd27050000 - 0x00007ffd2705a000 	C:\Program Files\Java\jdk-25\bin\management.dll
0x00007ffd26770000 - 0x00007ffd2677c000 	C:\Program Files\Java\jdk-25\bin\management_ext.dll
0x00007ffd32800000 - 0x00007ffd32808000 	C:\WINDOWS\System32\PSAPI.DLL
0x00007ffd26e30000 - 0x00007ffd26e57000 	C:\Users\YOUSSEF ADEL\.gradle\native\660c5614fbf4a5f2a75b1949f50a0caf5cd603558e7d8a26e50b933a0cfb79d1\windows-amd64\native-platform.dll
0x00007ffd22c20000 - 0x00007ffd22c44000 	C:\Users\YOUSSEF ADEL\.gradle\native\jansi\2.4.2\Windows\x86_64\jansi.dll
0x00007ffd2eb10000 - 0x00007ffd2eb42000 	C:\WINDOWS\SYSTEM32\IPHLPAPI.DLL
0x00007ffd32360000 - 0x00007ffd3236a000 	C:\WINDOWS\System32\NSI.dll
0x00007ffd26730000 - 0x00007ffd26739000 	C:\Program Files\Java\jdk-25\bin\extnet.dll
0x00007ffd2fa70000 - 0x00007ffd2fa8b000 	C:\WINDOWS\SYSTEM32\CRYPTSP.dll
0x00007ffd2f080000 - 0x00007ffd2f0b9000 	C:\WINDOWS\system32\rsaenh.dll
0x00007ffd2f720000 - 0x00007ffd2f753000 	C:\WINDOWS\SYSTEM32\USERENV.dll
0x00007ffd302c0000 - 0x00007ffd302ea000 	C:\WINDOWS\SYSTEM32\bcrypt.dll
0x00007ffd2f8d0000 - 0x00007ffd2f8dc000 	C:\WINDOWS\SYSTEM32\CRYPTBASE.dll
0x00007ffd283b0000 - 0x00007ffd283be000 	C:\Program Files\Java\jdk-25\bin\sunmscapi.dll
0x00007ffd30b20000 - 0x00007ffd30c98000 	C:\WINDOWS\System32\CRYPT32.dll
0x00007ffd2fbd0000 - 0x00007ffd2fc00000 	C:\WINDOWS\SYSTEM32\ncrypt.dll
0x00007ffd2fb80000 - 0x00007ffd2fbbf000 	C:\WINDOWS\SYSTEM32\NTASN1.dll
0x00007ffd2bd30000 - 0x00007ffd2bd38000 	C:\WINDOWS\system32\wshunix.dll
0x00007ffd26cb0000 - 0x00007ffd26cc0000 	C:\Program Files\Java\jdk-25\bin\verify.dll

JVMTI agents: none

dbghelp: loaded successfully - version: 4.0.5 - missing functions: none
symbol engine: initialized successfully - sym options: 0x614 - pdb path: .;C:\Program Files\Java\jdk-25\bin;C:\WINDOWS\SYSTEM32;C:\WINDOWS\WinSxS\amd64_microsoft.windows.common-controls_6595b64144ccf1df_6.0.26100.8457_none_3e0b2faee331e92d;C:\Program Files\Java\jdk-25\bin\server;C:\Users\YOUSSEF ADEL\.gradle\native\660c5614fbf4a5f2a75b1949f50a0caf5cd603558e7d8a26e50b933a0cfb79d1\windows-amd64;C:\Users\YOUSSEF ADEL\.gradle\native\jansi\2.4.2\Windows\x86_64

VM Arguments:
jvm_args: -Xmx64m -Xms64m -Dorg.gradle.appname=gradlew 
java_command: org.gradle.wrapper.GradleWrapperMain assembleRelease
java_class_path (initial): C:\Users\YOUSSEF ADEL\Desktop\Meen-Fena-V-1.1-\\gradle\wrapper\gradle-wrapper.jar
Launcher Type: SUN_STANDARD

[Global flags]
     intx CICompilerCount                          = 4                                         {product} {ergonomic}
     uint ConcGCThreads                            = 3                                         {product} {ergonomic}
     uint G1ConcRefinementThreads                  = 10                                        {product} {ergonomic}
   size_t G1HeapRegionSize                         = 1048576                                   {product} {ergonomic}
   size_t InitialHeapSize                          = 67108864                                  {product} {command line}
   size_t MarkStackSize                            = 4194304                                   {product} {ergonomic}
   size_t MarkStackSizeMax                         = 536870912                                 {product} {ergonomic}
   size_t MaxHeapSize                              = 67108864                                  {product} {command line}
   size_t MaxNewSize                               = 39845888                                  {product} {ergonomic}
   size_t MinHeapDeltaBytes                        = 1048576                                   {product} {ergonomic}
   size_t MinHeapSize                              = 67108864                                  {product} {command line}
    uintx NonNMethodCodeHeapSize                   = 5832704                                {pd product} {ergonomic}
    uintx NonProfiledCodeHeapSize                  = 122945536                              {pd product} {ergonomic}
    uintx ProfiledCodeHeapSize                     = 122880000                              {pd product} {ergonomic}
    uintx ReservedCodeCacheSize                    = 251658240                              {pd product} {ergonomic}
     bool SegmentedCodeCache                       = true                                      {product} {ergonomic}
   size_t SoftMaxHeapSize                          = 67108864                               {manageable} {ergonomic}
     bool UseCompressedOops                        = true                           {product lp64_product} {ergonomic}
     bool UseG1GC                                  = true                                      {product} {ergonomic}
     bool UseLargePagesIndividualAllocation        = false                                  {pd product} {ergonomic}

Logging:
Log output configuration:
 #0: stdout all=warning uptime,level,tags foldmultilines=false
 #1: stderr all=off uptime,level,tags foldmultilines=false

Release file:
IMPLEMENTOR="Oracle Corporation" 
JAVA_RUNTIME_VERSION="25+37-LTS-3491" 
JAVA_VERSION="25" 
JAVA_VERSION_DATE="2025-09-16" 
LIBC="default" 
MODULES="java.base java.compiler java.datatransfer java.xml java.prefs java.desktop java.instrument java.logging java.management java.security.sasl java.naming java.rmi java.management.rmi java.net.http java.scripting java.security.jgss java.transaction.xa java.sql java.sql.rowset java.xml.crypto java.se java.smartcardio jdk.accessibility jdk.internal.jvmstat jdk.attach jdk.charsets jdk.internal.opt jdk.zipfs jdk.compiler jdk.crypto.cryptoki jdk.crypto.ec jdk.crypto.mscapi jdk.dynalink jdk.internal.ed jdk.editpad jdk.internal.vm.ci jdk.graal.compiler jdk.graal.compiler.management jdk.hotspot.agent jdk.httpserver jdk.incubator.vector jdk.internal.le jdk.internal.md jdk.jartool jdk.javadoc jdk.jcmd jdk.management jdk.management.agent jdk.jconsole jdk.jdeps jdk.jdwp.agent jdk.jdi jdk.jfr jdk.jlink jdk.jpackage jdk.jshell jdk.jsobject jdk.jstatd jdk.localedata jdk.management.jfr jdk.naming.dns jdk.naming.rmi jdk.net jdk.nio.mapmode jdk.sctp jdk.security.auth jdk.security.jgss jdk.unsupported jdk.unsupported.desktop jdk.xml.dom" 
OS_ARCH="x86_64" 
OS_NAME="Windows" 
SOURCE=".:git:49d6a23b8806 open:git:6c48f4ed707b" 

Environment Variables:
CLASSPATH=C:\Users\YOUSSEF ADEL\Desktop\Meen-Fena-V-1.1-\\gradle\wrapper\gradle-wrapper.jar
PATH=C:\Program Files\Common Files\Oracle\Java\javapath;C:\Program Files (x86)\VMware\VMware Workstation\bin\;C:\Program Files\Eclipse Adoptium\jdk-21.0.5.11-hotspot\bin;C:\Program Files (x86)\Common Files\Oracle\Java\javapath;C:\WINDOWS\system32;C:\WINDOWS;C:\WINDOWS\System32\Wbem;C:\WINDOWS\System32\WindowsPowerShell\v1.0\;C:\WINDOWS\System32\OpenSSH\;C:\MinGW\bin;C:\msys64\mingw64\bin;C:\Program Files\dotnet\;C:\Program Files\Git\cmd;C:\Program Files\nodejs\;C:\ProgramData\chocolatey\bin;C:\Program Files\Java\jdk-25\bin;C:\Program Files (x86)\dotnet\;C:\Users\YOUSSEF ADEL\AppData\Local\Programs\Python\Python313;C:\Users\YOUSSEF ADEL\AppData\Local\Programs\Microsoft VS Code\bin;C:\Users\YOUSSEF ADEL\ffmpeg-7.1;C:\Users\YOUSSEF ADEL\AppData\Local\Microsoft\WindowsApps;C:\Users\YOUSSEF ADEL\AppData\Local\Programs\Python\Python313\Scripts;C:\Users\YOUSSEF ADEL\AppData\Local\Programs\Python\Python313\Lib\site-packages;D:\Develpement\flutter\bin;C:\Users\YOUSSEF ADEL\.dotnet\tools
USERNAME=YOUSSEF ADEL
OS=Windows_NT
PROCESSOR_IDENTIFIER=AMD64 Family 23 Model 96 Stepping 1, AuthenticAMD
TMP=C:\Users\YOUSSE~1\AppData\Local\Temp
TEMP=C:\Users\YOUSSE~1\AppData\Local\Temp




Compilation memory statistics disabled.

Periodic native trim disabled

---------------  S Y S T E M  ---------------

OS:
 Windows 11 , 64 bit Build 26100 (10.0.26100.8328)
OS uptime: 0 days 5:15 hours
Hyper-V role detected

CPU: total 12 (initial active 12) (12 cores per cpu, 2 threads per core) family 23 model 96 stepping 1 microcode 0x860010f, cx8, cmov, fxsr, ht, mmx, 3dnowpref, sse, sse2, sse3, ssse3, sse4a, sse4.1, sse4.2, popcnt, lzcnt, tsc, tscinvbit, avx, avx2, aes, clmul, bmi1, bmi2, adx, sha, fma, vzeroupper, clflush, clflushopt, clwb, hv, rdtscp, rdpid, f16c
Processor Information for the first 12 processors :
  Max Mhz: 2100, Current Mhz: 2100, Mhz Limit: 2100

Memory: 4k page, system-wide physical 5863M (1642M free)
TotalPageFile size 13959M (AvailPageFile size 2972M)
current process WorkingSet (physical memory assigned to process): 34M, peak: 122M
current process commit charge ("private bytes"): 175M, peak: 184M

vm_info: Java HotSpot(TM) 64-Bit Server VM (25+37-LTS-3491) for windows-amd64 JRE (25+37-LTS-3491), built on 2025-08-14T21:13:00Z with unknown MS VC++:1943

END.
